../Core/Src/ModBusRTU.c:16:6:modbus_1t5_Timeout	16	static
../Core/Src/ModBusRTU.c:22:6:modbus_3t5_Timeout	16	static
../Core/Src/ModBusRTU.c:27:6:modbus_UART_Recived	16	static
../Core/Src/ModBusRTU.c:41:6:Modbus_init	16	static
../Core/Src/ModBusRTU.c:103:16:CRC16	24	static
../Core/Src/ModBusRTU.c:121:6:Modbus_Protocal_Worker	16	static
../Core/Src/ModBusRTU.c:281:6:modbusWrite1Register	16	static
../Core/Src/ModBusRTU.c:303:6:modbusRead1Register	16	static
../Core/Src/ModBusRTU.c:321:6:Modbus_frame_response	8	static
